// Jest Snapshot v1, https://goo.gl/fbAQLP

exports[`casters throws if value is not castable to number 1`] = `"Cannot cast >>hi<< to Number"`;

exports[`casters throws if value is not castable to number 2`] = `"Cannot cast >>[object Object]<< to Number"`;

exports[`throws if value is not castable to an array 1`] = `"Cannot cast >>hellow<< to Array"`;

exports[`throws if value is not castable to an array 2`] = `"Cannot cast >>1<< to Array"`;

exports[`throws if value is not castable to boolean 1`] = `"Cannot cast >>[object Object]<< to Boolean"`;

exports[`throws if value is not castable to boolean 2`] = `"Cannot cast >>() => {}<< to Boolean"`;
